// Jest Snapshot v1, https://goo.gl/fbAQLP

exports[`Form Screen Component should render component correctly 1`] = `
<View
  onLayout={[Function]}
  style={
    [
      {
        "flexBasis": 0,
        "flexGrow": 1,
        "flexShrink": 1,
      },
      {
        "paddingBottom": 0,
      },
    ]
  }
>
  <RNCSafeAreaView
    edges={
      {
        "bottom": "additive",
        "left": "additive",
        "right": "additive",
        "top": "additive",
      }
    }
    style={
      {
        "backgroundColor": "#ECFEFF",
        "flexBasis": 0,
        "flexGrow": 1,
        "flexShrink": 1,
        "paddingBottom": 15,
        "paddingLeft": 25,
        "paddingRight": 25,
        "paddingTop": 15,
      }
    }
  >
    <View
      style={
        {
          "backgroundColor": "#A1A1AA",
          "borderBottomLeftRadius": 8,
          "borderBottomRightRadius": 8,
          "borderTopLeftRadius": 8,
          "borderTopRightRadius": 8,
          "height": 10,
          "width": "100%",
        }
      }
    >
      <View
        progress={25}
        style={
          {
            "backgroundColor": "#0081A7",
            "borderBottomLeftRadius": 8,
            "borderBottomRightRadius": 8,
            "borderTopLeftRadius": 8,
            "borderTopRightRadius": 8,
            "height": 10,
            "width": "25%",
          }
        }
      />
    </View>
    <RCTScrollView
      keyboardShouldPersistTaps="always"
      showsHorizontalScrollIndicator={false}
      showsVerticalScrollIndicator={false}
      style={
        {
          "flexBasis": 0,
          "flexGrow": 1,
          "flexShrink": 1,
        }
      }
    >
      <View>
        <Text
          color="gray"
          size="large"
          style={
            [
              {
                "color": "#717171",
                "display": "flex",
                "fontFamily": "Quicksand-SemiBold",
                "fontSize": 24,
                "fontWeight": "600",
                "lineHeight": 30,
              },
              {
                "marginBottom": 20,
                "marginTop": 30,
              },
            ]
          }
          testId="text-component"
          type="title"
        >
          1
          . 
          Dados pessoais
        </Text>
        <Text
          style={
            {
              "marginBottom": 24,
            }
          }
        >
          <Text
            color="gray"
            size="small"
            style={
              [
                {
                  "color": "#717171",
                  "display": "flex",
                  "fontFamily": "Quicksand-Regular",
                  "fontSize": 14,
                  "fontWeight": "400",
                  "lineHeight": 20,
                },
                {
                  "marginBottom": 24,
                },
              ]
            }
            testId="text-component"
            type="text"
          >
            Os campos desativados são informações coletadas diretamente do 
          </Text>
          <Text
            center={true}
            color="blue"
            size="small"
            style={
              [
                {
                  "color": "#0081A7",
                  "display": "flex",
                  "fontFamily": "Quicksand-SemiBold",
                  "fontSize": 14,
                  "fontWeight": "600",
                  "lineHeight": 20,
                  "textAlign": "center",
                },
                {
                  "marginBottom": 24,
                },
              ]
            }
            testId="text-component"
            type="title"
          >
            GOV.BR.
          </Text>
        </Text>
        <View
          style={{}}
        >
          <Text
            color="neutralLightBlue"
            size="small"
            style={
              [
                {
                  "color": "#53648580",
                  "display": "flex",
                  "fontFamily": "Quicksand-Regular",
                  "fontSize": 14,
                  "fontWeight": "400",
                  "lineHeight": 20,
                },
                {},
              ]
            }
            testId="text-component"
            type="text"
          >
            Nome
          </Text>
          <View
            style={{}}
          >
            <TextInput
              accessibilityLabel="TEXT_INPUT"
              blurOnSubmit={false}
              editable={false}
              onChangeText={[Function]}
              onSubmitEditing={[Function]}
              placeholder="Qual é o seu nome?"
              placeholderTextColor="#53648580"
              returnKeyType="next"
              style={
                [
                  {
                    "backgroundColor": "#ffffff",
                    "height": 50,
                    "marginBottom": 7,
                    "marginLeft": 0,
                    "marginRight": 0,
                    "marginTop": 7,
                    "paddingBottom": 14,
                    "paddingLeft": 14,
                    "paddingRight": 14,
                    "paddingTop": 14,
                    "width": "100%",
                  },
                  {
                    "backgroundColor": "#ffffff80",
                    "color": "#53648580",
                    "placeholderTextColor": "#53648580",
                  },
                ]
              }
              value="Maria Silva Santos"
            />
          </View>
        </View>
        <View
          style={{}}
        >
          <Text
            color="neutralDarkBlue"
            size="small"
            style={
              [
                {
                  "color": "#536485",
                  "display": "flex",
                  "fontFamily": "Quicksand-Regular",
                  "fontSize": 14,
                  "fontWeight": "400",
                  "lineHeight": 20,
                },
                {},
              ]
            }
            testId="text-component"
            type="text"
          >
            Nome Social
          </Text>
          <View
            style={{}}
          >
            <TextInput
              accessibilityLabel="TEXT_INPUT"
              blurOnSubmit={false}
              editable={true}
              focus={true}
              onChangeText={[Function]}
              onSubmitEditing={[Function]}
              placeholder="Como você gosta de ser chamado?"
              placeholderTextColor="#53648580"
              returnKeyType="next"
              style={
                [
                  {
                    "backgroundColor": "#ffffff",
                    "height": 50,
                    "marginBottom": 7,
                    "marginLeft": 0,
                    "marginRight": 0,
                    "marginTop": 7,
                    "paddingBottom": 14,
                    "paddingLeft": 14,
                    "paddingRight": 14,
                    "paddingTop": 14,
                    "width": "100%",
                  },
                  {
                    "backgroundColor": "#ffffff",
                    "color": "#536485",
                    "placeholderTextColor": "#53648580",
                  },
                ]
              }
              value=""
            />
          </View>
        </View>
        <View
          style={{}}
        >
          <Text
            color="neutralDarkBlue"
            size="small"
            style={
              [
                {
                  "color": "#536485",
                  "display": "flex",
                  "fontFamily": "Quicksand-Regular",
                  "fontSize": 14,
                  "fontWeight": "400",
                  "lineHeight": 20,
                },
                {},
              ]
            }
            testId="text-component"
            type="text"
          >
            Apelido
          </Text>
          <View
            style={{}}
          >
            <TextInput
              accessibilityLabel="TEXT_INPUT"
              blurOnSubmit={false}
              editable={true}
              onChangeText={[Function]}
              onSubmitEditing={[Function]}
              placeholder="Qual é o seu apelido?"
              placeholderTextColor="#53648580"
              returnKeyType="next"
              style={
                [
                  {
                    "backgroundColor": "#ffffff",
                    "height": 50,
                    "marginBottom": 7,
                    "marginLeft": 0,
                    "marginRight": 0,
                    "marginTop": 7,
                    "paddingBottom": 14,
                    "paddingLeft": 14,
                    "paddingRight": 14,
                    "paddingTop": 14,
                    "width": "100%",
                  },
                  {
                    "backgroundColor": "#ffffff",
                    "color": "#536485",
                    "placeholderTextColor": "#53648580",
                  },
                ]
              }
              value=""
            />
          </View>
        </View>
        <View
          style={{}}
        >
          <Text
            color="neutralLightBlue"
            size="small"
            style={
              [
                {
                  "color": "#53648580",
                  "display": "flex",
                  "fontFamily": "Quicksand-Regular",
                  "fontSize": 14,
                  "fontWeight": "400",
                  "lineHeight": 20,
                },
                {},
              ]
            }
            testId="text-component"
            type="text"
          >
            CPF
          </Text>
          <View
            style={{}}
          >
            <TextInput
              autoCapitalize="words"
              editable={false}
              keepPlaceholderPartially={true}
              keyboardType="numeric"
              onSubmitEditing={[Function]}
              placeholder="XXX.XXX.XXX-XX"
              returnKeyType="next"
              style={
                [
                  {
                    "backgroundColor": "#ffffff50",
                    "color": "#53648580",
                    "height": 50,
                    "marginBottom": 7,
                    "marginLeft": 0,
                    "marginRight": 0,
                    "marginTop": 7,
                    "paddingBottom": 14,
                    "paddingLeft": 14,
                    "paddingRight": 14,
                    "paddingTop": 14,
                    "width": "100%",
                  },
                  {
                    "backgroundColor": "#ffffff80",
                    "color": "#53648580",
                    "placeholderTextColor": "#53648580",
                  },
                ]
              }
            />
            <AdvancedTextInputMaskDecoratorView
              autocomplete={false}
              onAdvancedMaskTextChange={[Function]}
              primaryMaskFormat="[000].[000].[000]-[00]"
              style={
                {
                  "left": 100000000,
                  "position": "absolute",
                  "top": 100000000,
                }
              }
              value="136.090.000-69"
            />
          </View>
        </View>
        <View
          style={{}}
        >
          <Text
            color="neutralDarkBlue"
            size="small"
            style={
              [
                {
                  "color": "#536485",
                  "display": "flex",
                  "fontFamily": "Quicksand-Regular",
                  "fontSize": 14,
                  "fontWeight": "400",
                  "lineHeight": 20,
                },
                {},
              ]
            }
            testId="text-component"
            type="text"
          >
            Data de Nascimento
          </Text>
          <TextInput
            autoCapitalize="words"
            editable={true}
            keepPlaceholderPartially={true}
            keyboardType="numeric"
            onSubmitEditing={[Function]}
            placeholder="XX/XX/XXXX"
            placeholderTextColor="#53648580"
            returnKeyType="next"
            style={
              [
                {
                  "backgroundColor": "#ffffff50",
                  "color": "#536485",
                  "height": 50,
                  "marginBottom": 7,
                  "marginLeft": 0,
                  "marginRight": 0,
                  "marginTop": 7,
                  "paddingBottom": 14,
                  "paddingLeft": 14,
                  "paddingRight": 14,
                  "paddingTop": 14,
                  "width": "100%",
                },
                {
                  "backgroundColor": "#ffffff",
                },
              ]
            }
          />
          <AdvancedTextInputMaskDecoratorView
            autocomplete={false}
            onAdvancedMaskTextChange={[Function]}
            primaryMaskFormat="[00]/[00]/[0000]"
            style={
              {
                "left": 100000000,
                "position": "absolute",
                "top": 100000000,
              }
            }
            value=""
          />
        </View>
      </View>
    </RCTScrollView>
    <View
      accessibilityState={
        {
          "busy": undefined,
          "checked": undefined,
          "disabled": undefined,
          "expanded": undefined,
          "selected": undefined,
        }
      }
      accessibilityValue={
        {
          "max": undefined,
          "min": undefined,
          "now": undefined,
          "text": undefined,
        }
      }
      accessible={true}
      collapsable={false}
      focusable={true}
      onClick={[Function]}
      onResponderGrant={[Function]}
      onResponderMove={[Function]}
      onResponderRelease={[Function]}
      onResponderTerminate={[Function]}
      onResponderTerminationRequest={[Function]}
      onStartShouldSetResponder={[Function]}
      style={
        {
          "alignItens": "center",
          "borderBottomLeftRadius": 7,
          "borderBottomRightRadius": 7,
          "borderTopLeftRadius": 7,
          "borderTopRightRadius": 7,
          "color": "#717171",
          "display": "flex",
          "flexDirection": "row",
          "fontSize": 14,
          "justifyContent": "space-evenly",
          "lineHeight": 20,
          "opacity": 1,
          "paddingBottom": 0,
          "paddingLeft": 0,
          "paddingRight": 0,
          "paddingTop": 0,
          "width": "auto",
        }
      }
    />
  </RNCSafeAreaView>
</View>
`;
