// Jest Snapshot v1, https://goo.gl/fbAQLP

exports[`Tell Your History Screen Component should render component correctly 1`] = `
<RNCSafeAreaView
  edges={
    {
      "bottom": "additive",
      "left": "additive",
      "right": "additive",
      "top": "additive",
    }
  }
  style={
    {
      "backgroundColor": "#ECFEFF",
      "flexBasis": 0,
      "flexDirection": "column",
      "flexGrow": 1,
      "flexShrink": 1,
      "justifyContent": "space-between",
      "paddingBottom": 50,
      "paddingLeft": 30,
      "paddingRight": 30,
      "paddingTop": 25,
    }
  }
>
  <View
    style={
      {
        "alignItems": "center",
        "flexBasis": 0,
        "flexDirection": "column",
        "flexGrow": 1,
        "flexShrink": 1,
        "justifyContent": "center",
      }
    }
  >
    <Image
      source={
        {
          "testUri": "../../../src/assets/robot.png",
        }
      }
      style={
        {
          "marginBottom": 20,
        }
      }
    />
    <Text
      center={true}
      color="gray"
      size="large"
      style={
        [
          {
            "color": "#717171",
            "display": "flex",
            "fontFamily": "Quicksand-SemiBold",
            "fontSize": 24,
            "fontWeight": "600",
            "lineHeight": 30,
            "textAlign": "center",
          },
          {
            "marginBottom": 10,
          },
        ]
      }
      testId="text-component"
      type="title"
    >
      Conte sua história!
    </Text>
    <Text
      center={true}
      color="gray"
      size="small"
      style={
        [
          {
            "color": "#717171",
            "display": "flex",
            "fontFamily": "Quicksand-Regular",
            "fontSize": 14,
            "fontWeight": "400",
            "lineHeight": 20,
            "textAlign": "center",
          },
          {},
        ]
      }
      testId="text-component"
      type="text"
    >
      A seguir iremos fazer uma série de perguntas sobre sua vida, trajetória e sua história. Isso nos ajudará a alcançar seus objetivos nesta jornada conosco!
    </Text>
  </View>
  <View
    accessibilityState={
      {
        "busy": undefined,
        "checked": undefined,
        "disabled": undefined,
        "expanded": undefined,
        "selected": undefined,
      }
    }
    accessibilityValue={
      {
        "max": undefined,
        "min": undefined,
        "now": undefined,
        "text": undefined,
      }
    }
    accessible={true}
    collapsable={false}
    focusable={true}
    onClick={[Function]}
    onResponderGrant={[Function]}
    onResponderMove={[Function]}
    onResponderRelease={[Function]}
    onResponderTerminate={[Function]}
    onResponderTerminationRequest={[Function]}
    onStartShouldSetResponder={[Function]}
    style={
      {
        "alignItens": "center",
        "borderBottomLeftRadius": 7,
        "borderBottomRightRadius": 7,
        "borderTopLeftRadius": 7,
        "borderTopRightRadius": 7,
        "color": "#717171",
        "display": "flex",
        "flexDirection": "row",
        "fontSize": 14,
        "justifyContent": "space-evenly",
        "lineHeight": 20,
        "opacity": 1,
        "paddingBottom": 0,
        "paddingLeft": 0,
        "paddingRight": 0,
        "paddingTop": 0,
        "width": "auto",
      }
    }
  />
</RNCSafeAreaView>
`;
